// Jest Snapshot v1, https://goo.gl/fbAQLP

exports[`snapshot test with CMK 1`] = `true`;
